[beta.nextjs.org/docs.html]
[backblue.gif]
[fade.gif]
[index.html]
[beta.nextjs.org/static/favicon/apple-touch-icon.png]
[beta.nextjs.org/static/favicon/favicon-32x32.png]
[beta.nextjs.org/static/favicon/favicon-16x16.png]
[beta.nextjs.org/static/favicon/site.webmanifest]
[beta.nextjs.org/static/favicon/safari-pinned-tab.svg]
[beta.nextjs.org/static/favicon/favicon.ico]
[beta.nextjs.org/feed.xml]
[beta.nextjs.org/_next/static/css/ec65da664ea2a9ff.css]
[beta.nextjs.org/_next/static/css/b6316f3721e169a3.css]
[beta.nextjs.org/_next/static/chunks/polyfills-c67a75d1b6f99dc8.js]
[beta.nextjs.org/_next/static/chunks/webpack-1278bae6f8c09af0.js]
[beta.nextjs.org/_next/static/chunks/framework-7e2210a590393fbb.js]
[beta.nextjs.org/_next/static/chunks/main-6585fbf753c073b0.js]
[beta.nextjs.org/_next/static/chunks/pages/_app-e5cd0e8398f86bbf.js]
[beta.nextjs.org/_next/static/chunks/8149-21ee2b33dad69b44.js]
[beta.nextjs.org/_next/static/chunks/2149-72ec932f051e3bb0.js]
[beta.nextjs.org/_next/static/chunks/3402-ee806e7f80c8cc66.js]
[beta.nextjs.org/_next/static/chunks/1286-1a941c6bf58dc428.js]
[beta.nextjs.org/_next/static/chunks/4847-fbead67fb72c6559.js]
[beta.nextjs.org/_next/static/chunks/5573-5477fea573108e7e.js]
[beta.nextjs.org/_next/static/chunks/5321-0d94c60842bce32f.js]
[beta.nextjs.org/_next/static/chunks/pages/docs/[[...slug]]-739f91f1089b36ac.js]
[beta.nextjs.org/_next/static/ZvwCelwX7zUhFIgbFwG9t/_buildManifest.js]
[beta.nextjs.org/_next/static/ZvwCelwX7zUhFIgbFwG9t/_ssgManifest.js]
[beta.nextjs.org/va/script.js]
[beta.nextjs.org/docs/getting-started.html]
[beta.nextjs.org/docs/installation.html]
[beta.nextjs.org/docs/upgrade-guide.html]
[beta.nextjs.org/docs/app-directory-roadmap.html]
[beta.nextjs.org/docs/routing/fundamentals.html]
[beta.nextjs.org/docs/routing/defining-routes.html]
[beta.nextjs.org/docs/routing/pages-and-layouts.html]
[beta.nextjs.org/docs/routing/linking-and-navigating.html]
[beta.nextjs.org/docs/routing/loading-ui.html]
[beta.nextjs.org/docs/routing/error-handling.html]
[beta.nextjs.org/docs/routing/route-handlers.html]
[beta.nextjs.org/docs/rendering/fundamentals.html]
[beta.nextjs.org/docs/rendering/server-and-client-components.html]
[beta.nextjs.org/docs/rendering/static-and-dynamic-rendering.html]
[beta.nextjs.org/docs/rendering/edge-and-nodejs-runtimes.html]
[beta.nextjs.org/docs/data-fetching/fundamentals.html]
[beta.nextjs.org/docs/data-fetching/fetching.html]
[beta.nextjs.org/docs/data-fetching/caching.html]
[beta.nextjs.org/docs/data-fetching/revalidating.html]
[beta.nextjs.org/docs/data-fetching/mutating.html]
[beta.nextjs.org/docs/data-fetching/streaming-and-suspense.html]
[beta.nextjs.org/docs/data-fetching/generating-static-params.html]
[beta.nextjs.org/docs/data-fetching/api-routes.html]
[beta.nextjs.org/docs/styling/css-modules.html]
[beta.nextjs.org/docs/styling/tailwind-css.html]
[beta.nextjs.org/docs/styling/global-styles.html]
[beta.nextjs.org/docs/styling/css-in-js.html]
[beta.nextjs.org/docs/styling/external-stylesheets.html]
[beta.nextjs.org/docs/styling/sass.html]
[beta.nextjs.org/docs/optimizing/images.html]
[beta.nextjs.org/docs/optimizing/fonts.html]
[beta.nextjs.org/docs/optimizing/scripts.html]
[beta.nextjs.org/docs/optimizing/lazy-loading.html]
[beta.nextjs.org/docs/api-reference/next.config.html]
[beta.nextjs.org/docs/configuring/typescript.html]
[beta.nextjs.org/docs/configuring/turbopack.html]
[beta.nextjs.org/docs/api-reference/components/link.html]
[beta.nextjs.org/docs/api-reference/components/image.html]
[beta.nextjs.org/docs/api-reference/components/font.html]
[beta.nextjs.org/docs/api-reference/components/script.html]
[beta.nextjs.org/docs/api-reference/file-conventions/layout.html]
[beta.nextjs.org/docs/api-reference/file-conventions/page.html]
[beta.nextjs.org/docs/api-reference/file-conventions/loading.html]
[beta.nextjs.org/docs/api-reference/file-conventions/error.html]
[beta.nextjs.org/docs/api-reference/file-conventions/head.html]
[beta.nextjs.org/docs/api-reference/file-conventions/not-found.html]
[beta.nextjs.org/docs/api-reference/file-conventions/route.html]
[beta.nextjs.org/docs/api-reference/cookies.html]
[beta.nextjs.org/docs/api-reference/fetch.html]
[beta.nextjs.org/docs/api-reference/headers.html]
[beta.nextjs.org/docs/api-reference/generate-static-params.html]
[beta.nextjs.org/docs/api-reference/notfound.html]
[beta.nextjs.org/docs/api-reference/redirect.html]
[beta.nextjs.org/docs/api-reference/request.html]
[beta.nextjs.org/docs/api-reference/response.html]
[beta.nextjs.org/docs/api-reference/use-router.html]
[beta.nextjs.org/docs/api-reference/use-search-params.html]
[beta.nextjs.org/docs/api-reference/use-selected-layout-segment.html]
[beta.nextjs.org/docs/api-reference/use-selected-layout-segments.html]
[beta.nextjs.org/docs/api-reference/use-pathname.html]
[beta.nextjs.org/docs/api-reference/edge.html]
[beta.nextjs.org/docs/api-reference/segment-config.html]
[beta.nextjs.org/docs/api-reference/metadata.html]
[beta.nextjs.org/docs/upgrade-guide/version-12.html]
[beta.nextjs.org/docs/upgrade-guide/version-11.html]
[beta.nextjs.org/docs/upgrade-guide/version-10.html]
[beta.nextjs.org/docs/upgrade-guide/version-9.html]
[beta.nextjs.org/docs/upgrade-guide/codemods.html]
[beta.nextjs.org/docs/guides/internationalization.html]
[beta.nextjs.org/docs/guides/mdx.html]
[beta.nextjs.org/docs/guides/seo.html]
[assets.vercel.com/image/upload/f_auto,q_100,w_1600/v1667581343/nextjs-docs/darkmode/thinking-in-server-components.png]
[beta.nextjs.org/docs.html]
[beta.nextjs.org/static/favicon/safari-pinned-tab.svg]
[beta.nextjs.org/_next/static/css/ec65da664ea2a9ff.css]
[beta.nextjs.org/_next/static/css/b6316f3721e169a3.css]
[beta.nextjs.org/docs/index.html]
[beta.nextjs.org/docs/getting-started.html]
[beta.nextjs.org/docs/api-reference/cli.html]
[assets.vercel.com/image/upload/v1675801695/nextjs-docs/darkmode/app-installation.png]
[beta.nextjs.org/docs/installation.html]
[beta.nextjs.org/blog/next-12-2]
[beta.nextjs.org/docs/api-reference/next/router]
[beta.nextjs.org/docs/api-reference/preview-data]
[beta.nextjs.org/docs/server-components/introduction]
[beta.nextjs.org/docs/upgrade-guide.html]
[beta.nextjs.org/docs/api-reference/next.config]
[beta.nextjs.org/docs/app-directory-roadmap.html]
[assets.vercel.com/image/upload/f_auto,q_100,w_1600/v1666568302/nextjs-docs/darkmode/terminology-component-tree.png]
[assets.vercel.com/image/upload/f_auto,q_100,w_1600/v1666568301/nextjs-docs/darkmode/terminology-url-anatomy.png]
[assets.vercel.com/image/upload/f_auto,q_100,w_1600/v1666387689/nextjs-docs/darkmode/app-folder-page-folder.png]
[assets.vercel.com/image/upload/f_auto,q_100,w_1600/v1666568300/nextjs-docs/darkmode/route-segments-to-path-segments.png]
[assets.vercel.com/image/upload/f_auto,q_100,w_1600/v1675248777/nextjs-docs/darkmode/file-conventions-component-hierarchy.png]
[assets.vercel.com/image/upload/f_auto,q_100,w_1600/v1675248778/nextjs-docs/darkmode/nested-file-conventions-component-hierarchy.png]
[assets.vercel.com/image/upload/f_auto,q_100,w_1600/v1666568300/nextjs-docs/darkmode/collocating-assets-in-the-app-directory.png]
[assets.vercel.com/image/upload/f_auto,q_100,w_1600/v1671641891/nextjs-docs/darkmode/partial-rendering.png]
[beta.nextjs.org/docs/routing/fundamentals.html]
[assets.vercel.com/image/upload/f_auto,q_100,w_1600/v1667553431/nextjs-docs/darkmode/route-segments-to-path-segments.png]
[assets.vercel.com/image/upload/f_auto,q_100,w_1600/v1666568301/nextjs-docs/darkmode/defining-routes-page.js.png]
[assets.vercel.com/image/upload/f_auto,q_100,w_1600/v1666568349/nextjs-docs/darkmode/route-group-organisation.png]
[assets.vercel.com/image/upload/f_auto,q_100,w_1600/v1666568349/nextjs-docs/darkmode/route-group-multiple-layouts.png]
[assets.vercel.com/image/upload/f_auto,q_100,w_1600/v1666568350/nextjs-docs/darkmode/route-group-opt-in-layouts.png]
[assets.vercel.com/image/upload/f_auto,q_100,w_1600/v1666568348/nextjs-docs/darkmode/route-group-multiple-root-layouts.png]
[beta.nextjs.org/docs/routing/defining-routes.html]
[assets.vercel.com/image/upload/f_auto,q_100,w_1600/v1667559940/nextjs-docs/darkmode/page.png]
[assets.vercel.com/image/upload/f_auto,q_100,w_1600/v1667559944/nextjs-docs/darkmode/layout.png]
[assets.vercel.com/image/upload/f_auto,q_100,w_1600/v1666568352/nextjs-docs/darkmode/nested-layout.png]
[assets.vercel.com/image/upload/f_auto,q_100,w_1600/v1671641894/nextjs-docs/darkmode/nested-layouts.png]
[assets.vercel.com/image/upload/f_auto,q_100,w_1600/v1666568350/nextjs-docs/darkmode/template.png]
[beta.nextjs.org/docs/routing/pages-and-layouts.html]
[beta.nextjs.org/docs/routing/linking-and-navigating.html]
[beta.nextjs.org/docs/api-reference/file-conventions/template.html]
[assets.vercel.com/image/upload/f_auto,q_100,w_1600/v1666704760/nextjs-docs/darkmode/loading-ui.png]
[assets.vercel.com/image/upload/f_auto,q_100,w_1600/v1673552977/nextjs-docs/darkmode/loading-folder.png]
[assets.vercel.com/image/upload/f_auto,q_100,w_1600/v1666568376/nextjs-docs/darkmode/loading-diagram.png]
[beta.nextjs.org/docs/routing/loading-ui.html]
[assets.vercel.com/image/upload/f_auto,q_100,w_1600/v1673552977/nextjs-docs/darkmode/error-folder.png]
[assets.vercel.com/image/upload/f_auto,q_100,w_1600/v1666568378/nextjs-docs/darkmode/error-diagram.png]
[assets.vercel.com/image/upload/f_auto,q_100,w_1600/v1673552978/nextjs-docs/darkmode/nested-error-component-hierarchy.png]
[beta.nextjs.org/docs/routing/error-handling.html]
[assets.vercel.com/image/upload/f_auto,q_100,w_1600/v1675915652/nextjs-docs/darkmode/route-handler.png]
[beta.nextjs.org/docs/routing/route-handlers.html]
[assets.vercel.com/image/upload/f_auto,q_100,w_1600/v1666704761/nextjs-docs/darkmode/client-and-server.png]
[assets.vercel.com/image/upload/f_auto,q_100,w_1600/v1666704759/nextjs-docs/darkmode/component-tree.png]
[beta.nextjs.org/docs/rendering/fundamentals.html]
[beta.nextjs.org/docs/rendering/server-and-client-components.html]
[beta.nextjs.org/docs/rendering/static-and-dynamic-rendering.html]
[beta.nextjs.org/docs/rendering/edge-and-nodejs-runtimes.html]
[assets.vercel.com/image/upload/f_auto,q_100,w_1600/v1669651658/nextjs-docs/darkmode/sequential-parallel-data-fetching.png]
[assets.vercel.com/image/upload/f_auto,q_100,w_1600/v1673006076/nextjs-docs/darkmode/deduplicated-fetch-requests.png]
[assets.vercel.com/image/upload/f_auto,q_100,w_1600/v1669662198/nextjs-docs/darkmode/dynamic-and-static-data-fetching.png]
[assets.vercel.com/image/upload/f_auto,q_100,w_1600/v1669662196/nextjs-docs/darkmode/static-site-generation_1.png]
[assets.vercel.com/image/upload/f_auto,q_100,w_1600/v1666631081/nextjs-docs/darkmode/server-rendering-with-streaming-alt.png]
[beta.nextjs.org/docs/data-fetching/fundamentals.html]
[beta.nextjs.org/docs/data-fetching/fetching.html]
[beta.nextjs.org/docs/data-fetching/caching.html]
[beta.nextjs.org/docs/data-fetching/revalidating.html]
[beta.nextjs.org/docs/data-fetching/mutating.html]
[assets.vercel.com/image/upload/f_auto,q_100,w_1600/v1671640463/nextjs-docs/darkmode/ssr-chart.png]
[assets.vercel.com/image/upload/f_auto,q_100,w_1600/v1666630985/nextjs-docs/darkmode/server-rendering-without-streaming.png]
[assets.vercel.com/image/upload/f_auto,q_100,w_1600/v1666631081/nextjs-docs/darkmode/server-rendering-with-streaming.png]
[assets.vercel.com/image/upload/f_auto,q_100,w_1600/v1671640286/nextjs-docs/darkmode/server-rendering-with-streaming-chart.png]
[beta.nextjs.org/docs/data-fetching/streaming-and-suspense.html]
[beta.nextjs.org/docs/data-fetching/generating-static-params.html]
[beta.nextjs.org/docs/data-fetching/api-routes.html]
[beta.nextjs.org/docs/styling/css-modules.html]
[beta.nextjs.org/docs/styling/tailwind-css.html]
[beta.nextjs.org/docs/styling/global-styles.html]
[beta.nextjs.org/docs/styling/css-in-js.html]
[beta.nextjs.org/docs/styling/external-stylesheets.html]
[beta.nextjs.org/docs/styling/sass.html]
[beta.nextjs.org/docs/optimizing/images.html]
[beta.nextjs.org/docs/optimizing/fonts.html]
[beta.nextjs.org/learn/seo/web-performance/cls]
[beta.nextjs.org/docs/optimizing/scripts.html]
[beta.nextjs.org/docs/optimizing/og-image-generation.html]
[beta.nextjs.org/docs/optimizing/static-assets.html]
[beta.nextjs.org/docs/optimizing/lazy-loading.html]
[beta.nextjs.org/docs/middleware.html]
[beta.nextjs.org/docs/api-reference/next.config.html]
[beta.nextjs.org/docs/deploying/deployment-guide.html]
[assets.vercel.com/image/upload/v1668082805/nextjs-docs/darkmode/typescript-prompt_1.png]
[assets.vercel.com/image/upload/v1668083314/nextjs-docs/darkmode/typescript-command-palette.png]
[beta.nextjs.org/docs/configuring/typescript.html]
[beta.nextjs.org/docs/configuring/turbopack.html]
[beta.nextjs.org/docs/configuring/eslint.html]
[beta.nextjs.org/docs/api-reference/components/link.html]
[beta.nextjs.org/docs/configuring/absolute-imports-and-module-path-aliases.html]
[beta.nextjs.org/docs/optimizing/image]
[beta.nextjs.org/learn/seo/web-performance/lcp]
[beta.nextjs.org/docs/api-reference/next.config.js/headers]
[beta.nextjs.org/docs/advanced-features/security-headers]
[beta.nextjs.org/docs/api-reference/components/image.html]
[beta.nextjs.org/docs/api-reference/components/font.html]
[beta.nextjs.org/docs/api-reference/components/script.html]
[beta.nextjs.org/docs/api-reference/file-conventions/layout.html]
[beta.nextjs.org/docs/api-reference/file-conventions/page.html]
[beta.nextjs.org/docs/api-reference/file-conventions/loading.html]
[beta.nextjs.org/docs/api-reference/file-conventions/error.html]
[beta.nextjs.org/docs/api-reference/file-conventions/head.html]
[beta.nextjs.org/docs/api-reference/file-conventions/not-found.html]
[beta.nextjs.org/docs/api-reference/file-conventions/route.html]
[beta.nextjs.org/docs/api-reference/cookies.html]
[beta.nextjs.org/docs/api-reference/fetch.html]
[beta.nextjs.org/docs/api-reference/headers.html]
[beta.nextjs.org/docs/api-reference/generate-static-params.html]
[beta.nextjs.org/docs/api-reference/notfound.html]
[beta.nextjs.org/docs/api-reference/redirect.html]
[beta.nextjs.org/docs/api-reference/request.html]
[beta.nextjs.org/docs/api-reference/response.html]
[beta.nextjs.org/docs/api-reference/use-router.html]
[beta.nextjs.org/docs/api-reference/use-search-params.html]
[beta.nextjs.org/docs/api-reference/use-selected-layout-segment.html]
[beta.nextjs.org/docs/api-reference/use-selected-layout-segments.html]
[beta.nextjs.org/docs/api-reference/use-pathname.html]
[beta.nextjs.org/docs/api-reference/use-params.html]
[beta.nextjs.org/docs/basic-features/environment-variables]
[beta.nextjs.org/docs/api-reference/edge.html]
[beta.nextjs.org/docs/api-reference/segment-config.html]
[beta.nextjs.org/docs/api-reference/metadata.html]
[beta.nextjs.org/docs/upgrade-guide/version-12.html]
[beta.nextjs.org/docs/api-reference/create-nextjs-app.html]
[beta.nextjs.org/docs/v12/upgrade-guide/codemods]
[beta.nextjs.org/docs/upgrade-guide/version-11.html]
[beta.nextjs.org/docs/upgrade-guide/version-10.html]
[beta.nextjs.org/docs/upgrade-guide/version-9.html]
[beta.nextjs.org/blog/next-9]
[beta.nextjs.org/blog/next-9-4]
[beta.nextjs.org/docs/upgrade-guide/codemods.html]
[beta.nextjs.org/docs/guides/debugging.html]
[beta.nextjs.org/docs/guides/internationalization.html]
[beta.nextjs.org/docs/guides/mdx.html]
[beta.nextjs.org/docs/guides/forms.html]
[beta.nextjs.org/docs/guides/seo.html]
[beta.nextjs.org/docs/api-reference/cli.html]
[beta.nextjs.org/docs/guides/testing.html]
[beta.nextjs.org/_next/static/css/e1e82b2c440d1b18.css]
[beta.nextjs.org/_next/static/chunks/2041-a1153c6c305c5fe1.js]
[beta.nextjs.org/_next/static/chunks/2710-6fff41d57b4b882f.js]
[beta.nextjs.org/_next/static/chunks/3042-55ecb7d70f3ff190.js]
[beta.nextjs.org/_next/static/chunks/1697-a2a4d86c8e65f960.js]
[beta.nextjs.org/_next/static/chunks/pages/blog/next-12-2-fe44a176a8dc7cb2.js]
[beta.nextjs.org/_next/tim9be2.jpg]
[beta.nextjs.org/_next/sokra9bae.jpg]
[beta.nextjs.org/_next/kdyd5b8.jpg]
[beta.nextjs.org/_next/maiaea22.jpg]
[beta.nextjs.org/_next/jj7fb8.jpg]
[beta.nextjs.org/_next/timer213c.jpg]
[beta.nextjs.org/_next/shuee8c.jpg]
[beta.nextjs.org/_next/styfle7383.png]
[beta.nextjs.org/_next/jiachi633d.png]
[beta.nextjs.org/_next/javi97aa.jpg]
[beta.nextjs.org/_next/balazs2ccd.jpg]
[beta.nextjs.org/docs/messages/middleware-upgrade-guide.html]
[beta.nextjs.org/docs/deployment.html]
[beta.nextjs.org/docs/basic-features/data-fetching/incremental-static-regeneration.html]
[beta.nextjs.org/docs/api-reference/edge-runtime.html]
[beta.nextjs.org/docs/api-routes/edge-api-routes.html]
[beta.nextjs.org/docs/advanced-features/react-18/streaming.html]
[beta.nextjs.org/docs/advanced-features/react-18/server-components]
[beta.nextjs.org/docs/advanced-features/react-18/switchable-runtime.html]
[beta.nextjs.org/docs/api-reference/next/future/image.html]
[beta.nextjs.org/docs/api-reference/next/image.html]
[beta.nextjs.org/docs/advanced-features/compiler.html]
[beta.nextjs.org/blog/layouts-rfc]
[beta.nextjs.org/blog/next-12-2]
[beta.nextjs.org/docs/api-reference/next/router.html]
[beta.nextjs.org/docs/api-reference/preview-data.html]
[beta.nextjs.org/docs/server-components/introduction.html]
[beta.nextjs.org/docs/api-reference/next.html]
[beta.nextjs.org/docs/api-reference/file-conventions/template.html]
[beta.nextjs.org/blog]
[beta.nextjs.org/_next/static/css/6db5727291629b4f.css]
[beta.nextjs.org/_next/static/chunks/4221-45f03f6dcc2619b4.js]
[beta.nextjs.org/_next/static/chunks/6479-a12bf443ef1a1fee.js]
[beta.nextjs.org/_next/static/chunks/1324-ae945b43b859e0fe.js]
[beta.nextjs.org/_next/static/chunks/23-f5cc75cf085fa1b5.js]
[beta.nextjs.org/_next/static/chunks/pages/learn/seo/web-performance/cls-2df94ea8635731f1.js]
[beta.nextjs.org/learn/foundations/about-nextjs]
[beta.nextjs.org/learn/foundations/from-javascript-to-react]
[beta.nextjs.org/learn/foundations/from-react-to-nextjs]
[beta.nextjs.org/learn/foundations/how-nextjs-works]
[beta.nextjs.org/learn/basics/create-nextjs-app]
[beta.nextjs.org/learn/basics/navigate-between-pages]
[beta.nextjs.org/learn/basics/assets-metadata-css]
[beta.nextjs.org/learn/basics/data-fetching]
[beta.nextjs.org/learn/basics/dynamic-routes]
[beta.nextjs.org/learn/basics/api-routes]
[beta.nextjs.org/learn/basics/deploying-nextjs-app]
[beta.nextjs.org/learn/seo/introduction-to-seo]
[beta.nextjs.org/learn/seo/crawling-and-indexing]
[beta.nextjs.org/learn/seo/rendering-and-ranking]
[beta.nextjs.org/learn/seo/web-performance]
[beta.nextjs.org/learn/seo/web-performance/vitals-overview]
[beta.nextjs.org/learn/seo/web-performance/fid]
[beta.nextjs.org/learn/seo/web-performance/seo-impact]
[beta.nextjs.org/learn/seo/improve]
[beta.nextjs.org/learn/seo/monitor]
[beta.nextjs.org/learn/seo/web-performance/cls]
[beta.nextjs.org/docs/optimizing/og-image-generation.html]
[beta.nextjs.org/docs/optimizing/static-assets.html]
[beta.nextjs.org/learn/excel/typescript]
[beta.nextjs.org/docs/middleware.html]
[beta.nextjs.org/docs/deploying/deployment-guide.html]
[beta.nextjs.org/docs/configuring/eslint.html]
[beta.nextjs.org/docs/configuring/absolute-imports-and-module-path-aliases.html]
[beta.nextjs.org/docs/optimizing/image.html]
[beta.nextjs.org/docs/deploying/environment-variables.html]
[beta.nextjs.org/_next/static/css/b40bbceca2dbbf76.css]
[beta.nextjs.org/_next/static/chunks/pages/learn/seo/web-performance/lcp-f8be7f1b3e44de10.js]
[beta.nextjs.org/_next/lcp032b.png]
[beta.nextjs.org/_next/lcp-example810a.png]
[beta.nextjs.org/learn/seo/web-performance/lcp]
[beta.nextjs.org/docs/api-reference/next.config.js/headers.html]
[beta.nextjs.org/docs/advanced-features/security-headers.html]
[beta.nextjs.org/docs/api-reference/use-params.html]
[beta.nextjs.org/docs/basic-features/environment-variables.html]
[beta.nextjs.org/docs/api-reference/create-nextjs-app.html]
[beta.nextjs.org/docs/v12/upgrade-guide/codemods.html]
[beta.nextjs.org/_next/static/css/beab8e92458af69d.css]
[beta.nextjs.org/_next/static/chunks/5562-03149156b9c3c3b5.js]
[beta.nextjs.org/_next/static/chunks/pages/blog/next-9-fc9000f481095249.js]
[beta.nextjs.org/_next/connord2ec.jpg]
[beta.nextjs.org/_next/lfadesfc6e.jpg]
[beta.nextjs.org/_next/huvika920.jpg]
[beta.nextjs.org/_next/build-type-error93ec.png]
[beta.nextjs.org/_next/next-types5b5a.png]
[beta.nextjs.org/_next/prerender-indicator7d90.png]
[beta.nextjs.org/_next/build-typesbbbe.png]
[beta.nextjs.org/_next/build-size0619.png]
[beta.nextjs.org/_next/build-packages080f.png]
[beta.nextjs.org/_next/build-page-type0c05.png]
[beta.nextjs.org/_next/first-collab-rfc48ec.png]
[beta.nextjs.org/_next/chunking-rfc24da.png]
[beta.nextjs.org/blog/next-9]
[beta.nextjs.org/_next/static/css/56efab2e2d8b28c2.css]
[beta.nextjs.org/_next/static/chunks/7836-d338c3398ccb2b46.js]
[beta.nextjs.org/_next/static/chunks/pages/blog/next-9-4-07a7150660b27cad.js]
[beta.nextjs.org/_next/chibicodec847.jpg]
[beta.nextjs.org/blog/next-9-3]
[beta.nextjs.org/docs/basic-features/built-in-css-support.html]
[beta.nextjs.org/docs/advanced-features/preview-mode.html]
[beta.nextjs.org/_next/blog9959.png]
[beta.nextjs.org/_next/lighthouse1f95.png]
[beta.nextjs.org/_next/core-web-vitalsa944.jpg]
[beta.nextjs.org/_next/log-output-previous006f.png]
[beta.nextjs.org/_next/log-output-new55cf.png]
[beta.nextjs.org/blog/next-9-4]
[beta.nextjs.org/docs/guides/debugging.html]
[beta.nextjs.org/docs/guides/accessibility.html]
[beta.nextjs.org/docs/guides/forms.html]
[beta.nextjs.org/docs/guides/testing.html]
[beta.nextjs.org/_next/static/css/e1e82b2c440d1b18.css]
[beta.nextjs.org/docs/guides/cms.html]
[beta.nextjs.org/docs/messages/middleware-upgrade-guide.html]
[beta.nextjs.org/docs/deployment.html]
[beta.nextjs.org/docs/basic-features/data-fetching/incremental-static-regeneration.html]
[beta.nextjs.org/docs/api-reference/edge-runtime.html]
[beta.nextjs.org/docs/api-routes/edge-api-routes.html]
[beta.nextjs.org/docs/advanced-features/react-18/streaming.html]
[beta.nextjs.org/docs/advanced-features/react-18/server-components.html]
[beta.nextjs.org/docs/advanced-features/react-18/switchable-runtime.html]
[beta.nextjs.org/docs/api-reference/next/future/image.html]
[beta.nextjs.org/docs/api-reference/next/image.html]
[beta.nextjs.org/docs/advanced-features/compiler.html]
[beta.nextjs.org/docs/[[...html]
[beta.nextjs.org/_next/static/chunks/pages/blog/layouts-rfc-f9fe367146acf36c.js]
[beta.nextjs.org/_next/sebd800.jpg]
[beta.nextjs.org/_next/delba9ad7.jpg]
[beta.nextjs.org/_next/leef8c9.jpg]
[beta.nextjs.org/_next/terminology7a86.png]
[beta.nextjs.org/_next/url-anatomycbbf.png]
[beta.nextjs.org/_next/routing-today2200.png]
[beta.nextjs.org/_next/app-folder1695.png]
[beta.nextjs.org/_next/routes576f.png]
[beta.nextjs.org/docs/api-reference/next.config.js/custom-page-extensions.html]
[beta.nextjs.org/_next/route-segmentsa10e.png]
[beta.nextjs.org/_next/root-layoutbe7f.png]
[beta.nextjs.org/_next/regular-layouts3a0d.png]
[beta.nextjs.org/_next/nested-layouts847c.png]
[beta.nextjs.org/_next/nested-layouts-example7453.png]
[beta.nextjs.org/_next/pagec04f.png]
[beta.nextjs.org/_next/page-example22f6.png]
[beta.nextjs.org/_next/page-nested30ce.png]
[beta.nextjs.org/_next/basic-exampleea4d.png]
[beta.nextjs.org/_next/server-componentsa5a2.png]
[beta.nextjs.org/_next/parallel8437.png]
[beta.nextjs.org/_next/partial-examplec4d6.png]
[beta.nextjs.org/_next/route-group-opt-out-beforef195.png]
[beta.nextjs.org/_next/route-group-opt-out-afterd6e4.png]
[beta.nextjs.org/_next/route-group-organisation57ce.png]
[beta.nextjs.org/_next/route-group-multiple-rootb5b8.png]
[beta.nextjs.org/_next/server-side-routing5e0e.png]
[beta.nextjs.org/_next/loading371a.png]
[beta.nextjs.org/_next/errorce03.png]
[beta.nextjs.org/_next/template597d.png]
[beta.nextjs.org/_next/intercepted-routes-before5ffb.png]
[beta.nextjs.org/_next/intercepted-routes-after78ae.png]
[beta.nextjs.org/_next/intercepted-route20af.png]
[beta.nextjs.org/_next/parallel-routes423a.png]
[beta.nextjs.org/_next/parallel-routes-childrene3b9.png]
[beta.nextjs.org/_next/parallel-routes-complete5521.png]
[beta.nextjs.org/_next/intercepted-route-modal8e2d.png]
[beta.nextjs.org/blog/layouts-rfc]
[beta.nextjs.org/blog]
[beta.nextjs.org/_next/static/css/6db5727291629b4f.css]
[beta.nextjs.org/_next/static/css/3f7f20add211b183.css]
[beta.nextjs.org/_next/static/chunks/pages/learn/foundations/about-nextjs-6b47f5524db58feb.js]
[beta.nextjs.org/learn/foundations/about-nextjs/what-is-nextjs]
[beta.nextjs.org/learn/foundations/about-nextjs]
[beta.nextjs.org/learn/foundations/from-react-to-nextjs/getting-started-with-nextjs]
[beta.nextjs.org/_next/static/chunks/pages/learn/foundations/from-javascript-to-react-7ea8bf10a1082cec.js]
[beta.nextjs.org/learn/foundations/from-javascript-to-react/updating-ui-with-javascript]
[beta.nextjs.org/learn/foundations/from-javascript-to-react/getting-started-with-react]
[beta.nextjs.org/learn/foundations/from-javascript-to-react/essential-javascript-react]
[beta.nextjs.org/learn/foundations/from-javascript-to-react/react-core-concepts]
[beta.nextjs.org/learn/foundations/from-javascript-to-react/building-ui-with-components]
[beta.nextjs.org/learn/foundations/from-javascript-to-react/displaying-data-with-props]
[beta.nextjs.org/learn/foundations/from-javascript-to-react/adding-interactivity-with-state]
[beta.nextjs.org/learn/foundations/from-javascript-to-react]
[beta.nextjs.org/learn/foundations/from-javascript-to-react/continue-learning-react]
[beta.nextjs.org/_next/static/chunks/pages/learn/foundations/from-react-to-nextjs-ed7fb30881139f79.js]
[beta.nextjs.org/learn/foundations/from-react-to-nextjs]
[beta.nextjs.org/learn/foundations/from-react-to-nextjs/next-steps]
[beta.nextjs.org/_next/static/chunks/pages/learn/foundations/how-nextjs-works-f0d77d16a543e04f.js]
[beta.nextjs.org/learn/foundations/how-nextjs-works/development-and-production]
[beta.nextjs.org/learn/foundations/how-nextjs-works/compiling]
[beta.nextjs.org/learn/foundations/how-nextjs-works/minifying]
[beta.nextjs.org/learn/foundations/how-nextjs-works/bundling]
[beta.nextjs.org/learn/foundations/how-nextjs-works/code-splitting]
[beta.nextjs.org/learn/foundations/how-nextjs-works/buildtime-and-runtime]
[beta.nextjs.org/learn/foundations/how-nextjs-works/client-and-server]
[beta.nextjs.org/learn/foundations/how-nextjs-works/rendering]
[beta.nextjs.org/learn/foundations/how-nextjs-works/cdns-and-edge]
[beta.nextjs.org/learn/foundations/how-nextjs-works]
[beta.nextjs.org/learn/foundations/how-nextjs-works/next-steps]
[beta.nextjs.org/_next/static/chunks/pages/learn/basics/create-nextjs-app-2158d8aaf76d08c3.js]
[beta.nextjs.org/learn/basics/create-nextjs-app/setup]
[beta.nextjs.org/learn/basics/create-nextjs-app/welcome-to-nextjs]
[beta.nextjs.org/learn/basics/create-nextjs-app/editing-the-page]
[beta.nextjs.org/docs/basic-features/pages.html]
[beta.nextjs.org/docs/routing/dynamic-routes.html]
[beta.nextjs.org/docs/routing/introduction.html]
[beta.nextjs.org/docs/basic-features/fast-refresh.html]
[beta.nextjs.org/docs/api-routes/introduction]
[beta.nextjs.org/learn/basics/create-nextjs-app]
[beta.nextjs.org/_next/static/chunks/pages/learn/basics/navigate-between-pages-30b1f36519221cdc.js]
[beta.nextjs.org/learn/basics/navigate-between-pages/setup]
[beta.nextjs.org/learn/basics/navigate-between-pages/pages-in-nextjs]
[beta.nextjs.org/learn/basics/navigate-between-pages/link-component]
[beta.nextjs.org/learn/basics/navigate-between-pages]
[beta.nextjs.org/learn/basics/navigate-between-pages/client-side]
[beta.nextjs.org/_next/static/chunks/pages/learn/basics/assets-metadata-css-78c04cd214837106.js]
[beta.nextjs.org/learn/basics/assets-metadata-css/setup]
[beta.nextjs.org/learn/basics/assets-metadata-css/assets]
[beta.nextjs.org/learn/basics/assets-metadata-css/metadata]
[beta.nextjs.org/learn/basics/assets-metadata-css/third-party-javascript]
[beta.nextjs.org/learn/basics/assets-metadata-css/css-styling]
[beta.nextjs.org/learn/basics/assets-metadata-css/layout-component]
[beta.nextjs.org/learn/basics/assets-metadata-css/global-styles]
[beta.nextjs.org/learn/basics/assets-metadata-css/polishing-layout]
[beta.nextjs.org/learn/basics/assets-metadata-css/styling-tips]
[beta.nextjs.org/docs/basic-features/static-file-serving.html]
[beta.nextjs.org/learn/basics/assets-metadata-css]
[beta.nextjs.org/docs/advanced-features/custom-app.html]
[beta.nextjs.org/_next/static/chunks/pages/learn/basics/data-fetching-498f41c083c534dd.js]
[beta.nextjs.org/learn/basics/data-fetching/setup]
[beta.nextjs.org/learn/basics/data-fetching/pre-rendering]
[beta.nextjs.org/learn/basics/data-fetching/two-forms]
[beta.nextjs.org/learn/basics/data-fetching/with-data]
[beta.nextjs.org/learn/basics/data-fetching/blog-data]
[beta.nextjs.org/learn/basics/data-fetching/implement-getstaticprops]
[beta.nextjs.org/learn/basics/data-fetching/getstaticprops-details]
[beta.nextjs.org/learn/basics/data-fetching/request-time]
[beta.nextjs.org/learn/basics/data-fetching]
[beta.nextjs.org/docs/basic-features/data-fetching.html]
[beta.nextjs.org/_next/static/chunks/pages/learn/basics/dynamic-routes-706df4734f6d2d66.js]
[beta.nextjs.org/learn/basics/dynamic-routes/setup]
[beta.nextjs.org/learn/basics/dynamic-routes/page-path-external-data]
[beta.nextjs.org/learn/basics/dynamic-routes/implement-getstaticpaths]
[beta.nextjs.org/learn/basics/dynamic-routes/implement-getstaticprops]
[beta.nextjs.org/learn/basics/dynamic-routes/render-markdown]
[beta.nextjs.org/learn/basics/dynamic-routes/polishing-post-page]
[beta.nextjs.org/learn/basics/dynamic-routes/polishing-index-page]
[beta.nextjs.org/learn/basics/dynamic-routes]
[beta.nextjs.org/learn/basics/dynamic-routes/dynamic-routes-details]
[beta.nextjs.org/_next/static/chunks/pages/learn/basics/api-routes-42324377891f34f3.js]
[beta.nextjs.org/learn/basics/api-routes/setup]
[beta.nextjs.org/learn/basics/api-routes/creating-api-routes]
[beta.nextjs.org/learn/basics/api-routes]
[beta.nextjs.org/learn/basics/api-routes/api-routes-details]
[beta.nextjs.org/_next/static/chunks/pages/learn/basics/deploying-nextjs-app-c558942cfe6adb9e.js]
[beta.nextjs.org/learn/basics/deploying-nextjs-app/setup]
[beta.nextjs.org/learn/basics/deploying-nextjs-app/deploy]
[beta.nextjs.org/learn/basics/deploying-nextjs-app/platform-details]
[beta.nextjs.org/learn/basics/deploying-nextjs-app/other-hosting-options]
[beta.nextjs.org/learn/basics/deploying-nextjs-app]
[beta.nextjs.org/learn/basics/deploying-nextjs-app/finally]
[beta.nextjs.org/_next/static/chunks/pages/learn/seo/introduction-to-seo-e4bbdc3c74ae1916.js]
[beta.nextjs.org/learn/seo/introduction-to-seo/importance-of-seo]
[beta.nextjs.org/learn/seo/introduction-to-seo/search-systems]
[beta.nextjs.org/learn/seo/introduction-to-seo]
[beta.nextjs.org/learn/seo/introduction-to-seo/webcrawlers]
[beta.nextjs.org/_next/static/chunks/pages/learn/seo/crawling-and-indexing-1a78ba62778116b9.js]
[beta.nextjs.org/learn/seo/crawling-and-indexing/status-codes]
[beta.nextjs.org/learn/seo/crawling-and-indexing/robots-txt]
[beta.nextjs.org/learn/seo/crawling-and-indexing/xml-sitemaps]
[beta.nextjs.org/learn/seo/crawling-and-indexing/metatags]
[beta.nextjs.org/learn/seo/crawling-and-indexing]
[beta.nextjs.org/learn/seo/crawling-and-indexing/canonical]
[beta.nextjs.org/_next/static/chunks/pages/learn/seo/rendering-and-ranking-504e50977688e496.js]
[beta.nextjs.org/learn/seo/rendering-and-ranking/rendering-strategies]
[beta.nextjs.org/learn/seo/rendering-and-ranking/amp]
[beta.nextjs.org/learn/seo/rendering-and-ranking/url-structure]
[beta.nextjs.org/learn/seo/rendering-and-ranking/metadata]
[beta.nextjs.org/learn/seo/rendering-and-ranking]
[beta.nextjs.org/learn/seo/web-performance]
[beta.nextjs.org/learn/seo/rendering-and-ranking/on-page-seo]
[beta.nextjs.org/learn/seo/web-performance/vitals-overview]
[beta.nextjs.org/_next/static/chunks/pages/learn/seo/web-performance/vitals-overview-7ca700cef759d6a5.js]
[beta.nextjs.org/learn/seo/web-performance/fid]
[beta.nextjs.org/_next/static/chunks/pages/learn/seo/web-performance/fid-5c6c2c9d228f6ab1.js]
[beta.nextjs.org/learn/seo/web-performance/seo-impact]
[beta.nextjs.org/_next/static/chunks/pages/learn/seo/web-performance/seo-impact-6501d8ee791e0c28.js]
[beta.nextjs.org/_next/static/chunks/pages/learn/seo/improve-2db9d2c01a6817a6.js]
[beta.nextjs.org/learn/seo/improve/lighthouse]
[beta.nextjs.org/learn/seo/improve/images]
[beta.nextjs.org/learn/seo/improve/dynamic-imports]
[beta.nextjs.org/learn/seo/improve/dynamic-import-components]
[beta.nextjs.org/learn/seo/improve/fonts]
[beta.nextjs.org/learn/seo/improve]
[beta.nextjs.org/learn/seo/improve/third-party-scripts]
[beta.nextjs.org/_next/static/chunks/pages/learn/seo/monitor-3d18969bf71257da.js]
[beta.nextjs.org/learn/seo/monitor/nextjs-analytics]
[beta.nextjs.org/learn/seo/monitor/custom-reporting]
[beta.nextjs.org/learn/seo/monitor/data-studio]
[beta.nextjs.org/learn/seo/monitor/other-tools]
[beta.nextjs.org/learn/seo/monitor]
[beta.nextjs.org/learn/seo/monitor/conclusion]
[beta.nextjs.org/_next/static/chunks/pages/learn/excel/typescript-a442a860af6cb1ad.js]
[beta.nextjs.org/learn/excel/typescript/setup]
[beta.nextjs.org/learn/excel/typescript/create-tsconfig]
[beta.nextjs.org/learn/excel/typescript]
[beta.nextjs.org/docs/deploying/environment-variables.html]
[beta.nextjs.org/_next/static/css/b40bbceca2dbbf76.css]
[beta.nextjs.org/_next/static/css/beab8e92458af69d.css]
[beta.nextjs.org/_next/static/css/56efab2e2d8b28c2.css]
[beta.nextjs.org/learn/excel/typescript/nextjs-types]
[beta.nextjs.org/_next/static/css/c817eee1481a628c.css]
[beta.nextjs.org/blog/next-9-3]
[beta.nextjs.org/docs/basic-features/built-in-css-support.html]
[beta.nextjs.org/docs/advanced-features/preview-mode.html]
[beta.nextjs.org/_next/static/chunks/pages/blog/next-9-3-ef9055df3178cc83.js]
[beta.nextjs.org/docs/guides/accessibility.html]
[beta.nextjs.org/docs/guides/amp.html]
[beta.nextjs.org/docs/guides/cms.html]
[beta.nextjs.org/docs/[[...html]
[beta.nextjs.org/docs/api-reference/next.config.js/custom-page-extensions.html]
[beta.nextjs.org/_next/static/css/3f7f20add211b183.css]
[beta.nextjs.org/docs/guides/authentication.html]
[beta.nextjs.org/learn/foundations/about-nextjs/what-is-nextjs]
[beta.nextjs.org/_next/static/chunks/pages/learn/foundations/about-nextjs/what-is-nextjs-5897f87854a65463.js]
[beta.nextjs.org/learn/foundations/from-react-to-nextjs/getting-started-with-nextjs]
[beta.nextjs.org/_next/static/chunks/pages/learn/foundations/from-react-to-nextjs/getting-started-with-nextjs-531671eae97646b4.js]
[beta.nextjs.org/learn/foundations/from-javascript-to-react/updating-ui-with-javascript]
[beta.nextjs.org/_next/static/chunks/pages/learn/foundations/from-javascript-to-react/updating-ui-with-javascript-07d117cd92424aae.js]
[beta.nextjs.org/learn/foundations/from-javascript-to-react/getting-started-with-react]
[beta.nextjs.org/_next/static/chunks/pages/learn/foundations/from-javascript-to-react/getting-started-with-react-9c1cbd316c14c8bd.js]
[beta.nextjs.org/learn/foundations/from-javascript-to-react/essential-javascript-react]
[beta.nextjs.org/_next/static/chunks/pages/learn/foundations/from-javascript-to-react/essential-javascript-react-74e9bbfde1cc3de4.js]
[beta.nextjs.org/learn/foundations/from-javascript-to-react/react-core-concepts]
[beta.nextjs.org/_next/static/chunks/pages/learn/foundations/from-javascript-to-react/react-core-concepts-768d101399c5fd2b.js]
[beta.nextjs.org/learn/foundations/from-javascript-to-react/building-ui-with-components]
[beta.nextjs.org/_next/static/chunks/pages/learn/foundations/from-javascript-to-react/building-ui-with-components-40afe6a40f7c2a2a.js]
[beta.nextjs.org/learn/foundations/from-javascript-to-react/displaying-data-with-props]
[beta.nextjs.org/_next/static/chunks/pages/learn/foundations/from-javascript-to-react/displaying-data-with-props-d7b22d78b142b5b1.js]
[beta.nextjs.org/learn/foundations/from-javascript-to-react/adding-interactivity-with-state]
[beta.nextjs.org/_next/static/chunks/pages/learn/foundations/from-javascript-to-react/adding-interactivity-with-state-82e81decf801bb05.js]
[beta.nextjs.org/learn/foundations/from-javascript-to-react/continue-learning-react]
[beta.nextjs.org/_next/static/chunks/pages/learn/foundations/from-javascript-to-react/continue-learning-react-6b671607f1650438.js]
[beta.nextjs.org/learn/foundations/from-react-to-nextjs/next-steps]
[beta.nextjs.org/_next/static/chunks/pages/learn/foundations/from-react-to-nextjs/next-steps-0301f28135a5b1f3.js]
[beta.nextjs.org/_next/static/chunks/pages/learn/foundations/how-nextjs-works/development-and-production-cfc55bc509185a91.js]
[beta.nextjs.org/docs/going-to-production.html]
[beta.nextjs.org/docs/basic-features/typescript.html]
[beta.nextjs.org/learn/foundations/how-nextjs-works/development-and-production]
[beta.nextjs.org/docs/basic-features/eslint.html]
[beta.nextjs.org/learn/foundations/how-nextjs-works/compiling]
[beta.nextjs.org/_next/static/chunks/pages/learn/foundations/how-nextjs-works/compiling-3855ca21b8019e91.js]
[beta.nextjs.org/learn/foundations/how-nextjs-works/minifying]
[beta.nextjs.org/_next/static/chunks/pages/learn/foundations/how-nextjs-works/minifying-85a6c6fc575e7065.js]
[beta.nextjs.org/learn/foundations/how-nextjs-works/bundling]
[beta.nextjs.org/_next/static/chunks/pages/learn/foundations/how-nextjs-works/bundling-91a9b9e67f957280.js]
[beta.nextjs.org/_next/static/chunks/pages/learn/foundations/how-nextjs-works/code-splitting-932be9fdf49a8170.js]
[beta.nextjs.org/docs/api-reference/next/link.html]
[beta.nextjs.org/learn/foundations/how-nextjs-works/code-splitting]
[beta.nextjs.org/docs/advanced-features/dynamic-import.html]
[beta.nextjs.org/learn/foundations/how-nextjs-works/buildtime-and-runtime]
[beta.nextjs.org/_next/static/chunks/pages/learn/foundations/how-nextjs-works/buildtime-and-runtime-ad3af5e9a43c7266.js]
[beta.nextjs.org/learn/foundations/how-nextjs-works/client-and-server]
[beta.nextjs.org/_next/static/chunks/pages/learn/foundations/how-nextjs-works/client-and-server-46fa68581c0771e8.js]
[beta.nextjs.org/_next/static/chunks/pages/learn/foundations/how-nextjs-works/rendering-9f398c0f3955ef1f.js]
[beta.nextjs.org/docs/basic-features/data-fetching/get-server-side-props.html]
[beta.nextjs.org/docs/basic-features/data-fetching/get-static-props.html]
[beta.nextjs.org/learn/foundations/how-nextjs-works/rendering]
[beta.nextjs.org/docs/basic-features/data-fetching/overview.html]
[beta.nextjs.org/_next/static/chunks/pages/learn/foundations/how-nextjs-works/cdns-and-edge-1df0437de36d3a90.js]
[beta.nextjs.org/learn/foundations/how-nextjs-works/cdns-and-edge]
[beta.nextjs.org/docs/advanced-features/react-18/overview.html]
[beta.nextjs.org/_next/static/chunks/pages/learn/foundations/how-nextjs-works/next-steps-df3434231359d857.js]
[beta.nextjs.org/learn/foundations/how-nextjs-works/next-steps]
[beta.nextjs.org/learn/basics/create-nextjs-app607b]
[beta.nextjs.org/_next/static/chunks/pages/learn/basics/create-nextjs-app/setup-d7737f22bb5b2b9f.js]
[beta.nextjs.org/learn/basics/create-nextjs-app/setup]
[beta.nextjs.org/docs/api-reference/create-next-app.html]
[beta.nextjs.org/learn/basics/create-nextjs-app/welcome-to-nextjs]
[beta.nextjs.org/_next/static/chunks/pages/learn/basics/create-nextjs-app/welcome-to-nextjs-ee376174527dc5ab.js]
[beta.nextjs.org/learn/basics/create-nextjs-app/editing-the-page]
[beta.nextjs.org/docs/basic-features/pages.html]
[beta.nextjs.org/docs/routing/dynamic-routes.html]
[beta.nextjs.org/docs/routing/introduction.html]
[beta.nextjs.org/docs/basic-features/fast-refresh.html]
[beta.nextjs.org/docs/api-routes/introduction.html]
[beta.nextjs.org/_next/static/chunks/pages/learn/basics/create-nextjs-app/editing-the-page-a32c0897b1f3d405.js]
[beta.nextjs.org/learn/basics/navigate-between-pages/setup]
[beta.nextjs.org/_next/static/chunks/pages/learn/basics/navigate-between-pages/setup-741f2acec0392def.js]
[beta.nextjs.org/_next/static/chunks/pages/learn/basics/navigate-between-pages/pages-in-nextjs-26d59da4bf4744da.js]
[beta.nextjs.org/learn/basics/navigate-between-pages/authors/me.js]
[beta.nextjs.org/learn/basics/navigate-between-pages/pages/authors/me.js]
[beta.nextjs.org/learn/basics/navigate-between-pages/routes/authors/me.js]
[beta.nextjs.org/learn/basics/navigate-between-pages/pages-in-nextjs]
[beta.nextjs.org/learn/basics/navigate-between-pages/link-component]
[beta.nextjs.org/_next/static/chunks/pages/learn/basics/navigate-between-pages/link-component-8b13276f94ed15e0.js]
[beta.nextjs.org/learn/basics/navigate-between-pages/client-side]
[beta.nextjs.org/_next/static/chunks/pages/learn/basics/navigate-between-pages/client-side-2d886c8982d56f20.js]
[beta.nextjs.org/learn/basics/assets-metadata-css/setup]
[beta.nextjs.org/_next/static/chunks/pages/learn/basics/assets-metadata-css/setup-28a9d98d30decb54.js]
[beta.nextjs.org/_next/static/chunks/pages/learn/basics/assets-metadata-css/assets-ac453dcd835ffb37.js]
[github.com/vercel/next-learn/blob/master/basics/basics-final/public/images/profile.html]
[beta.nextjs.org/learn/basics/assets-metadata-css/assets]
[beta.nextjs.org/docs/basic-features/image-optimization.html]
[beta.nextjs.org/_next/static/chunks/pages/learn/basics/assets-metadata-css/metadata-040b017af9345f86.js]
[beta.nextjs.org/docs/api-reference/next/head.html]
[beta.nextjs.org/learn/basics/assets-metadata-css/metadata]
[beta.nextjs.org/docs/advanced-features/custom-document.html]
[beta.nextjs.org/_next/static/chunks/pages/learn/basics/assets-metadata-css/third-party-javascript-7b6bfede4311bbb9.js]
[beta.nextjs.org/docs/api-reference/next/script.html]
[beta.nextjs.org/learn/basics/assets-metadata-css/third-party-javascript]
[beta.nextjs.org/docs/basic-features/script.html]
[beta.nextjs.org/learn/basics/assets-metadata-css/css-styling]
[beta.nextjs.org/_next/static/chunks/pages/learn/basics/assets-metadata-css/css-styling-240542399a777ad5.js]
[beta.nextjs.org/learn/basics/assets-metadata-css/layout-component]
[beta.nextjs.org/_next/static/chunks/pages/learn/basics/assets-metadata-css/layout-component-36ba9bbf9062a586.js]
[beta.nextjs.org/learn/basics/assets-metadata-css/global-styles]
[beta.nextjs.org/_next/static/chunks/pages/learn/basics/assets-metadata-css/global-styles-df3eef6f34e4f2cc.js]
[beta.nextjs.org/learn/basics/assets-metadata-css/polishing-layout]
[beta.nextjs.org/_next/static/chunks/pages/learn/basics/assets-metadata-css/polishing-layout-edcf6d0a760665a1.js]
[beta.nextjs.org/_next/static/chunks/pages/learn/basics/assets-metadata-css/styling-tips-135a125e557a0b82.js]
[beta.nextjs.org/learn/basics/assets-metadata-css/styling-tips]
[beta.nextjs.org/docs/basic-features/static-file-serving.html]
[beta.nextjs.org/docs/advanced-features/custom-app.html]
[beta.nextjs.org/docs/advanced-features/customizing-postcss-config.html]
[beta.nextjs.org/learn/basics/data-fetching/setup]
[beta.nextjs.org/_next/static/chunks/pages/learn/basics/data-fetching/setup-b2dac985c147ca74.js]
[beta.nextjs.org/learn/basics/data-fetching/pre-rendering]
[beta.nextjs.org/_next/static/chunks/pages/learn/basics/data-fetching/pre-rendering-7a220686821da39d.js]
[beta.nextjs.org/learn/basics/data-fetching/two-forms]
[beta.nextjs.org/_next/static/chunks/pages/learn/basics/data-fetching/two-forms-6ab0cccea6f3501b.js]
[beta.nextjs.org/learn/basics/data-fetching/with-data]
[beta.nextjs.org/_next/static/chunks/pages/learn/basics/data-fetching/with-data-f6915d0311a68634.js]
[beta.nextjs.org/learn/basics/data-fetching/blog-data]
[beta.nextjs.org/_next/static/chunks/pages/learn/basics/data-fetching/blog-data-4e8e8f8672a38e6b.js]
[beta.nextjs.org/learn/basics/data-fetching/implement-getstaticprops]
[beta.nextjs.org/_next/static/chunks/pages/learn/basics/data-fetching/implement-getstaticprops-a124db1dcde6b648.js]
[beta.nextjs.org/_next/static/chunks/pages/learn/basics/data-fetching/getstaticprops-details-1a68d2bef32267e8.js]
[beta.nextjs.org/docs/basic-features/supported-browsers-features.html]
[beta.nextjs.org/learn/basics/data-fetching/getstaticprops-details]
[beta.nextjs.org/docs/api-reference/data-fetching/get-static-paths.html]
[beta.nextjs.org/learn/basics/data-fetching/request-time]
[beta.nextjs.org/docs/basic-features/data-fetching.html]
[beta.nextjs.org/_next/static/chunks/pages/learn/basics/data-fetching/request-time-0fda135ae78fdc29.js]
[beta.nextjs.org/learn/basics/dynamic-routes/setup]
[beta.nextjs.org/_next/static/chunks/pages/learn/basics/dynamic-routes/setup-8bc3d57dae8ba90f.js]
[beta.nextjs.org/learn/basics/dynamic-routes/page-path-external-data]
[beta.nextjs.org/_next/static/chunks/pages/learn/basics/dynamic-routes/page-path-external-data-7d1bfe6762316989.js]
[beta.nextjs.org/learn/basics/dynamic-routes/implement-getstaticpaths]
[beta.nextjs.org/_next/static/chunks/pages/learn/basics/dynamic-routes/implement-getstaticpaths-41af388d4af16bc9.js]
[beta.nextjs.org/learn/basics/dynamic-routes/implement-getstaticprops]
[beta.nextjs.org/_next/static/chunks/pages/learn/basics/dynamic-routes/implement-getstaticprops-1ad3f3c6c6623942.js]
[beta.nextjs.org/learn/basics/dynamic-routes/render-markdown]
[beta.nextjs.org/_next/static/chunks/pages/learn/basics/dynamic-routes/render-markdown-b5c48a4b261cbf17.js]
[beta.nextjs.org/learn/basics/dynamic-routes/polishing-post-page]
[beta.nextjs.org/_next/static/chunks/pages/learn/basics/dynamic-routes/polishing-post-page-2f67409bb72e5ba4.js]
[beta.nextjs.org/learn/basics/dynamic-routes/polishing-index-page]
[beta.nextjs.org/_next/static/chunks/pages/learn/basics/dynamic-routes/polishing-index-page-5f850475d7f5a6c5.js]
[beta.nextjs.org/_next/static/chunks/pages/learn/basics/dynamic-routes/dynamic-routes-details-04a4b3f2c4e8053f.js]
[beta.nextjs.org/docs/advanced-features/custom-error-page]
[beta.nextjs.org/learn/basics/dynamic-routes/dynamic-routes-details]
[beta.nextjs.org/learn/basics/api-routes/setup]
[beta.nextjs.org/_next/static/chunks/pages/learn/basics/api-routes/setup-5ae99e0724c0e0bb.js]
[beta.nextjs.org/_next/static/chunks/pages/learn/basics/api-routes/creating-api-routes-c3930c9304980cc6.js]
[beta.nextjs.org/docs/api-routes/api-middlewares.html]
[beta.nextjs.org/learn/basics/api-routes/creating-api-routes]
[beta.nextjs.org/docs/api-routes/response-helpers.html]
[beta.nextjs.org/_next/static/chunks/pages/learn/basics/api-routes/api-routes-details-29281a97a58ffa5e.js]
[beta.nextjs.org/learn/basics/api-routes/api-routes-details]
[beta.nextjs.org/docs/api-routes/dynamic-api-routes.html]
[beta.nextjs.org/learn/basics/deploying-nextjs-app/setup]
[beta.nextjs.org/_next/static/chunks/pages/learn/basics/deploying-nextjs-app/setup-ebd1d058a3b61351.js]
[beta.nextjs.org/learn/basics/deploying-nextjs-app/deploy]
[beta.nextjs.org/_next/static/chunks/pages/learn/basics/deploying-nextjs-app/deploy-0bf9b8e090439f8b.js]
[beta.nextjs.org/learn/basics/deploying-nextjs-app/platform-details]
[beta.nextjs.org/_next/static/chunks/pages/learn/basics/deploying-nextjs-app/platform-details-cc8cb88490c4f821.js]
[beta.nextjs.org/learn/basics/deploying-nextjs-app/other-hosting-options]
[beta.nextjs.org/_next/static/chunks/pages/learn/basics/deploying-nextjs-app/other-hosting-options-031a055df70a9224.js]
[beta.nextjs.org/learn/basics/deploying-nextjs-app/finally]
[beta.nextjs.org/_next/static/chunks/pages/learn/basics/deploying-nextjs-app/finally-5602594f752bcdba.js]
[beta.nextjs.org/learn/seo/introduction-to-seo/importance-of-seo]
[beta.nextjs.org/_next/static/chunks/pages/learn/seo/introduction-to-seo/importance-of-seo-ab648ff5e6162448.js]
[beta.nextjs.org/learn/seo/introduction-to-seo/search-systems]
[beta.nextjs.org/_next/static/chunks/pages/learn/seo/introduction-to-seo/search-systems-c3e3aa43fb021e21.js]
[beta.nextjs.org/_next/static/chunks/pages/learn/seo/introduction-to-seo/webcrawlers-08a07e36f1c947d6.js]
[beta.nextjs.org/_next/googlebot7946.png]
[beta.nextjs.org/learn/seo/introduction-to-seo/webcrawlers]
[beta.nextjs.org/learn/seo/crawling-and-indexing/status-codes]
[beta.nextjs.org/_next/static/chunks/pages/learn/seo/crawling-and-indexing/status-codes-00cf26cc0c6d043b.js]
[beta.nextjs.org/learn/seo/crawling-and-indexing/robots-txt]
[beta.nextjs.org/_next/static/chunks/pages/learn/seo/crawling-and-indexing/robots-txt-cb9cb97071b1fc81.js]
[beta.nextjs.org/learn/seo/crawling-and-indexing/xml-sitemaps]
[beta.nextjs.org/_next/static/chunks/pages/learn/seo/crawling-and-indexing/xml-sitemaps-2f84fb148418db73.js]
[beta.nextjs.org/learn/seo/crawling-and-indexing/metatags]
[beta.nextjs.org/_next/static/chunks/pages/learn/seo/crawling-and-indexing/metatags-c96310f4f5098ded.js]
[beta.nextjs.org/learn/seo/crawling-and-indexing/canonical]
[beta.nextjs.org/_next/static/chunks/pages/learn/seo/crawling-and-indexing/canonical-590912b9563e3cca.js]
[beta.nextjs.org/learn/seo/rendering-and-ranking/rendering-strategies]
[beta.nextjs.org/_next/static/chunks/pages/learn/seo/rendering-and-ranking/rendering-strategies-f4652f90c3a9ee40.js]
[beta.nextjs.org/learn/seo/rendering-and-ranking/amp]
[beta.nextjs.org/_next/static/chunks/pages/learn/seo/rendering-and-ranking/amp-eb685418ce9d22b3.js]
[beta.nextjs.org/learn/seo/rendering-and-ranking/url-structure]
[beta.nextjs.org/_next/static/chunks/pages/learn/seo/rendering-and-ranking/url-structure-819be76b76f65f21.js]
[beta.nextjs.org/_next/static/chunks/pages/learn/seo/rendering-and-ranking/metadata-3a249a6639b8dd5e.js]
[beta.nextjs.org/_next/serp-example01bf.png]
[beta.nextjs.org/learn/seo/rendering-and-ranking/metadata]
[beta.nextjs.org/learn/seo/rendering-and-ranking/on-page-seo]
[beta.nextjs.org/_next/static/chunks/pages/learn/seo/rendering-and-ranking/on-page-seo-61447bb3164770b7.js]
[beta.nextjs.org/learn/seo/improve/lighthouse]
[beta.nextjs.org/_next/static/chunks/pages/learn/seo/improve/lighthouse-f851df55a5fccfa5.js]
[beta.nextjs.org/_next/static/chunks/pages/learn/seo/improve/images-183c28edd595d372.js]
[beta.nextjs.org/basic-features/image-optimization]
[beta.nextjs.org/learn/seo/improve/images]
[beta.nextjs.org/learn/seo/improve/dynamic-imports]
[beta.nextjs.org/_next/static/chunks/pages/learn/seo/improve/dynamic-imports-90990e1f82b71aac.js]
[beta.nextjs.org/learn/seo/improve/dynamic-import-components]
[beta.nextjs.org/_next/static/chunks/pages/learn/seo/improve/dynamic-import-components-430745ad3033e1aa.js]
[beta.nextjs.org/_next/static/chunks/pages/learn/seo/improve/fonts-4a2053dae25b31ff.js]
[beta.nextjs.org/learn/seo/improve/fonts]
[beta.nextjs.org/docs/basic-features/font-optimization.html]
[beta.nextjs.org/learn/seo/improve/third-party-scripts]
[beta.nextjs.org/_next/static/chunks/pages/learn/seo/improve/third-party-scripts-b6e0e5d6239f5c5b.js]
[beta.nextjs.org/learn/seo/monitor/nextjs-analytics]
[beta.nextjs.org/_next/static/chunks/pages/learn/seo/monitor/nextjs-analytics-663bd9227aa10802.js]
[beta.nextjs.org/_next/static/chunks/pages/learn/seo/monitor/custom-reporting-13c598aa175f6a46.js]
[beta.nextjs.org/learn/seo/monitor/custom-reporting]
[beta.nextjs.org/docs/advanced-features/measuring-performance.html]
[beta.nextjs.org/learn/seo/monitor/data-studio]
[beta.nextjs.org/_next/static/chunks/pages/learn/seo/monitor/data-studio-59c537f4addfb9ca.js]
[beta.nextjs.org/learn/seo/monitor/other-tools]
[beta.nextjs.org/_next/static/chunks/pages/learn/seo/monitor/other-tools-b33500b293fdc6d3.js]
[beta.nextjs.org/learn/seo/monitor/conclusion]
[beta.nextjs.org/_next/static/chunks/pages/learn/seo/monitor/conclusion-7c7e8ccf013b4903.js]
[beta.nextjs.org/learn/excel/typescript/setup]
[beta.nextjs.org/_next/static/chunks/pages/learn/excel/typescript/setup-14ed0e679aa5e1dd.js]
[beta.nextjs.org/learn/excel/typescript/create-tsconfig]
[beta.nextjs.org/_next/static/chunks/pages/learn/excel/typescript/create-tsconfig-c467b1f4ae4c63e4.js]
[beta.nextjs.org/learn/excel/typescript/nextjs-types]
[beta.nextjs.org/_next/static/css/c817eee1481a628c.css]
[beta.nextjs.org/docs/guides/amp.html]
[beta.nextjs.org/docs/guides/authentication.html]
[beta.nextjs.org/docs/going-to-production.html]
[beta.nextjs.org/docs/basic-features/typescript.html]
[beta.nextjs.org/docs/basic-features/eslint.html]
[beta.nextjs.org/docs/api-reference/next/link.html]
[beta.nextjs.org/docs/advanced-features/dynamic-import.html]
[beta.nextjs.org/docs/basic-features/data-fetching/get-server-side-props.html]
[beta.nextjs.org/docs/basic-features/data-fetching/get-static-props.html]
[beta.nextjs.org/docs/basic-features/data-fetching/overview.html]
[beta.nextjs.org/docs/advanced-features/react-18/overview.html]
[beta.nextjs.org/learn/basics/create-nextjs-app607b]
[beta.nextjs.org/docs/api-reference/create-next-app.html]
[beta.nextjs.org/learn/basics/navigate-between-pages/authors/404]
[beta.nextjs.org/learn/basics/navigate-between-pages/pages/authors/404]
[beta.nextjs.org/learn/basics/navigate-between-pages/routes/authors/404]
[beta.nextjs.org/_next/static/chunks/pages/learn/excel/typescript/nextjs-types-e8ae8a71d8f00568.js]
[github.com/fluidicon.png]
[github.githubassets.com/favicons/favicon.png]
[github.com/login9b7c.html]
[github.com/vercel/next-learn/blob/0972c7fd794d5b16e507cdb224536a15b9276638/basics/basics-final/public/images/profile.html]
[github.com/vercel/next-learn/blob/{{ urlEncodedRefName }}/basics/basics-final/public/images/profile.21b.delayed]
[github.com/vercel/next-learn/commits/master/basics/basics-final/public/images/profile.html]
[github.com/vercel/next-learn/contributors-list/master/basics/basics-final/public/images/profile.html]
[github.com/loginea96.html]
[github.com/vercel/next-learn/blob/master/basics/basics-final/public/images/profile.html]
[beta.nextjs.org/docs/basic-features/image-optimization.html]
[beta.nextjs.org/docs/api-reference/next/head.html]
[beta.nextjs.org/docs/advanced-features/custom-document.html]
[beta.nextjs.org/docs/api-reference/next/script.html]
[beta.nextjs.org/docs/basic-features/script.html]
[beta.nextjs.org/docs/advanced-features/customizing-postcss-config.html]
[beta.nextjs.org/docs/basic-features/supported-browsers-features.html]
[beta.nextjs.org/docs/api-reference/data-fetching/get-static-paths.html]
[beta.nextjs.org/docs/advanced-features/custom-error-page.html]
[beta.nextjs.org/docs/api-routes/api-middlewares.html]
[beta.nextjs.org/docs/api-routes/response-helpers.html]
[beta.nextjs.org/docs/api-routes/dynamic-api-routes.html]
[beta.nextjs.org/basic-features/404]
[beta.nextjs.org/docs/basic-features/font-optimization.html]
[beta.nextjs.org/docs/advanced-features/measuring-performance.html]
[github.com/login9b7c.html]
[github.com/vercel/next-learn/blob/0972c7fd794d5b16e507cdb224536a15b9276638/basics/basics-final/public/images/profile.html]
[github.com/vercel/next-learn/blob/{{ urlEncodedRefName }}/basics/basics-final/public/images/profile.html]
[github.com/login3624.html]
[github.com/vercel/next-learn/commits/master/basics/basics-final/public/images/profile.html]
[github.com/vercel/next-learn/contributors-list/master/basics/basics-final/public/images/profile.html]
[github.com/loginea96.html]
[github.com/login3624.html]
[github.com/vercel/next-learn/blob/f3a215a416c7b18a370ce899348b38de799e278c/basics/basics-final/public/images/profile.html]
[github.com/vercel/next-learn/blob/f3a215a416c7b18a370ce899348b38de799e278c/basics/basics-final/public/images/profile.html]
[raw.githubusercontent.com/vercel/next-learn/master/basics/basics-final/public/images/profile.jpg]
